// Jest Snapshot v1, https://goo.gl/fbAQLP

exports[`With data should render the show card 1`] = `
Object {
  "asFragment": [Function],
  "baseElement": <body>
    <div>
      <div
        data-testid="123"
        id="123"
        style="display: flex; padding: 1rem; width: 500px; border: 1px solid #bbb; border-radius: 10px; margin: 5px; cursor: pointer;"
      >
        <img
          alt="Show Name"
          src="http://www.image.com"
          style="height: 200px;"
        />
        <div
          style="display: flex; flex-direction: column; width: 100%; height: inherit; text-align: center; align-content: center; padding: 10px; overflow: hidden; white-space: nowrap;"
        >
          <p>
            Show Name
          </p>
          <p>
            <p>
              Brief description
            </p>
          </p>
        </div>
      </div>
    </div>
  </body>,
  "container": <div>
    <div
      data-testid="123"
      id="123"
      style="display: flex; padding: 1rem; width: 500px; border: 1px solid #bbb; border-radius: 10px; margin: 5px; cursor: pointer;"
    >
      <img
        alt="Show Name"
        src="http://www.image.com"
        style="height: 200px;"
      />
      <div
        style="display: flex; flex-direction: column; width: 100%; height: inherit; text-align: center; align-content: center; padding: 10px; overflow: hidden; white-space: nowrap;"
      >
        <p>
          Show Name
        </p>
        <p>
          <p>
            Brief description
          </p>
        </p>
      </div>
    </div>
  </div>,
  "debug": [Function],
  "findAllByAltText": [Function],
  "findAllByDisplayValue": [Function],
  "findAllByLabelText": [Function],
  "findAllByPlaceholderText": [Function],
  "findAllByRole": [Function],
  "findAllByTestId": [Function],
  "findAllByText": [Function],
  "findAllByTitle": [Function],
  "findByAltText": [Function],
  "findByDisplayValue": [Function],
  "findByLabelText": [Function],
  "findByPlaceholderText": [Function],
  "findByRole": [Function],
  "findByTestId": [Function],
  "findByText": [Function],
  "findByTitle": [Function],
  "getAllByAltText": [Function],
  "getAllByDisplayValue": [Function],
  "getAllByLabelText": [Function],
  "getAllByPlaceholderText": [Function],
  "getAllByRole": [Function],
  "getAllByTestId": [Function],
  "getAllByText": [Function],
  "getAllByTitle": [Function],
  "getByAltText": [Function],
  "getByDisplayValue": [Function],
  "getByLabelText": [Function],
  "getByPlaceholderText": [Function],
  "getByRole": [Function],
  "getByTestId": [Function],
  "getByText": [Function],
  "getByTitle": [Function],
  "queryAllByAltText": [Function],
  "queryAllByDisplayValue": [Function],
  "queryAllByLabelText": [Function],
  "queryAllByPlaceholderText": [Function],
  "queryAllByRole": [Function],
  "queryAllByTestId": [Function],
  "queryAllByText": [Function],
  "queryAllByTitle": [Function],
  "queryByAltText": [Function],
  "queryByDisplayValue": [Function],
  "queryByLabelText": [Function],
  "queryByPlaceholderText": [Function],
  "queryByRole": [Function],
  "queryByTestId": [Function],
  "queryByText": [Function],
  "queryByTitle": [Function],
  "rerender": [Function],
  "unmount": [Function],
}
`;
